# name: test_blade_simple_setting2
  7757167.733140017
---
