# name: test_scouter_simple_setting
  5598928.878775918
---
