# name: test_blade_simple_setting
  5517682.218923723
---
