# name: test_hawkeye_simple_setting
  3069532.2804473094
---
