# name: test_destroyer_simple_setting
  7647357.869114211
---
