# name: test_artist_simple_setting
  2313644.5603710483
---
